
Memory Configuration

Name             Origin             Length             Attributes
ram              0x80000000         0x00500000         xrw
*default*        0x00000000         0xffffffff

Linker script and memory map

                0x00000000                __DYNAMIC=0x0
                0x00400000                PROVIDE (__stack, 0x400000)
                0x00000000                PROVIDE (hardware_init_hook, 0x0)
                0x00000000                PROVIDE (_hardware_init_hook, 0x0)
                0x00000000                PROVIDE (software_init_hook, 0x0)
                0x00000000                PROVIDE (_software_init_hook, 0x0)

.text           0x80000000     0xc590
 *(.text)
 .text          0x80000000     0x5d32 S2_NEC_NP_PA600X_Engine.o
                0x80001e22                S2_NEC_NP_PA600X_EngineEventHandler00001
                0x800046a8                S2_NEC_NP_PA600X_EngineEventHandler00007
                0x80003262                S2_NEC_NP_PA600X_EngineEventHandler00004
                0x80005bd8                S2_NEC_NP_PA600X_Engine_EventHandler
                0x80003924                S2_NEC_NP_PA600X_EngineEventHandler00005
                0x800024de                S2_NEC_NP_PA600X_EngineEventHandler00002
                0x80005ca4                S2_NEC_NP_PA600X_Engine_main
                0x80005428                S2_NEC_NP_PA600X_EngineEventHandler00009
                0x80004d68                S2_NEC_NP_PA600X_EngineEventHandler00008
                0x80000000                S2_NEC_NP_PA600X_EngineEventHandler00000
                0x80002ba0                S2_NEC_NP_PA600X_EngineEventHandler00003
                0x80003fe6                S2_NEC_NP_PA600X_EngineEventHandler00006
 *fill*         0x80005d32        0x2
 .text          0x80005d34     0x5836 library.o
                0x80009f20                RotateRightLong
                0x8000a52e                IsSystem
                0x80009e84                Seed
                0x8000777c                Remove
                0x80009b00                Ltoa
                0x8000982c                Atoi
                0x80008b94                InitRampInfoArray
                0x8000a2da                Right
                0x8000b30a                LockInputSema
                0x80009dae                Mod
                0x80009f96                Getc
                0x80009ce2                SMuldiv
                0x8000a510                IsHidden
                0x80009bc6                Min
                0x8000b11e                hextosi
                0x8000a6b4                WriteIntegerArray
                0x8000ac2a                GetSignedIntArrayElementPtr
                0x8000954e                CheckStructArray
                0x8000b132                hextosl
                0x8000a83a                WriteSignedIntegerArray
                0x80009216                InitStringParamArray
                0x800084e8                ReadSignedLongIntegerArray
                0x8000740a                GatherToDelimiter
                0x8000903a                InitStringArray
                0x80009ba0                Max
                0x8000a56a                IsReadOnly
                0x80009caa                SMax
                0x800075ae                GatherByLength
                0x80009a3a                Chr
                0x8000a68c                ReadSignedLongInteger
                0x80009ab8                Itohex
                0x800094c0                GetStructArrayElement
                0x800097b4                UNS_SetByte
                0x8000a2ae                ReverseFindi
                0x80008990                ReadStringArray
                0x8000aa3a                GetIntArrayElementPtr
                0x8000a0ea                Lower
                0x80009ea0                RotateLeft
                0x8000b252                ResizeIfAutogrow
                0x80008cc0                CheckInputArray
                0x800062a2                ResizeStringArray
                0x800099cc                Atosl
                0x800097f4                High
                0x80009e50                Rnd
                0x80009d72                UMod
                0x80009ef6                RotateLeftLong
                0x8000b37e                FindNumericChar
                0x8000ae82                CheckIOArrayBounds2
                0x8000a4c8                MakeProgramFilename
                0x80009cc6                SMin
                0x8000a01e                Left
                0x80009f60                CheckBufferThreshold
                0x8000a644                ReadSignedInteger
                0x8000981e                LowWord
                0x80005d34                Bit
                0x8000a5f4                ReadLongInteger
                0x80009632                Byte
                0x8000ab32                GetLongArrayElementPtr
                0x8000a280                ReverseFind
                0x8000a4de                GetSeries
                0x8000b44a                InitTcpServer
                0x8000a0d2                Len
                0x8000af52                InitializeRampInfoInternal
                0x80009bec                Divide
                0x80009938                Atol
                0x8000a4d4                GetModelNumber
                0x8000ae1a                CheckIOArrayBounds
                0x80008d1a                CheckStringInputArray
                0x8000a8fc                WriteSignedLongIntegerArray
                0x8000940a                GetStringArrayElement
                0x80009b44                Ltohex
                0x80009a70                Itoa
                0x80009eca                RotateRight
                0x80007a6a                InternalReverseFind
                0x8000a5d4                WriteLongInteger
                0x80008f3e                InitDynamicStringStruct
                0x80008e30                SetStringArray
                0x800082c6                ReadSignedIntegerArray
                0x80008d74                SetOutputArray
                0x8000a584                WriteInteger
                0x8000939e                InitStructDynamicArray
                0x80007cf4                SetString
                0x80009dea                Random
                0x8000a61c                WriteSignedInteger
                0x80005f98                Find
                0x8000a4e8                GetProgramNumber
                0x8000a1be                Mid
                0x8000b3bc                InitTcpClient
                0x80006e86                ResizeStructArray
                0x8000ad22                GetSignedLongArrayElementPtr
                0x8000b144                hextol
                0x8000870a                ReadString
                0x800090d0                InitDynamicStringArray
                0x8000b22a                UpperChar
                0x800098c8                Atosi
                0x8000a5ac                ReadInteger
                0x80009c5e                Muldiv
                0x80008de2                SetStringOutputArray
                0x8000a9c0                WriteString
                0x800068fa                ResizeIntegerArray
                0x80008c88                InitInOutArray
                0x800092de                InitNvramStringArray
                0x80009b88                Abs
                0x80009d2e                SDivide
                0x80007e84                ReadIntegerArray
                0x80005e44                CompareStrings
                0x8000b202                LowerChar
                0x8000b4da                InitUdpSocket
                0x80009f48                ClearBuffer
                0x8000a396                Upper
                0x8000937a                InitStructArray
                0x8000a46c                MakeLower
                0x8000a54c                IsVolume
                0x800078d6                RemoveByLength
                0x800095ca                CheckStringOutputArrayIndex
                0x8000a776                WriteLongIntegerArray
                0x8000affe                InitRampInfoStructArray
                0x80009810                HighWord
                0x8000610c                ResizeString
                0x8000a4f2                IsDirectory
                0x800080a4                ReadLongIntegerArray
                0x80009802                Low
                0x800072b0                Gather
                0x8000a49a                MakeUpper
                0x80008f00                InitStringStruct
                0x8000aeea                CheckStringArrayBounds
                0x80009c30                CheckDenominator
                0x8000b106                hextoi
                0x80008828                WriteStringArray
                0x800096f2                SetByte
                0x8000afa8                InitializeRampInfo
                0x8000b344                UnLockInputSema
                0x8000a66c                WriteSignedLongInteger
                0x80008ff2                InitNvramStringStruct
 *fill*         0x8000b56a        0x6
                0x8000b570                .=ALIGN(0x10)
 *(.eh_frame)
                0x8000b570                .=ALIGN(0x10)
 *(.gnu.linkonce.t.*)
                0x8000b570                .=ALIGN(0x4)
                0x8000b570                __CTOR_LIST__=.
                0x8000b570                ___CTOR_LIST__=.
                0x8000b570        0x4 LONG 0x0 (((__CTOR_END__-__CTOR_LIST__)/0x4)-0x2)
 *(.ctors)
                0x8000b574        0x4 LONG 0x0
                0x8000b578                __CTOR_END__=.
                0x8000b578                __DTOR_LIST__=.
                0x8000b578                ___DTOR_LIST__=.
                0x8000b578        0x4 LONG 0x0 (((__DTOR_END__-__DTOR_LIST__)/0x4)-0x2)
 *(.dtors)
                0x8000b57c        0x4 LONG 0x0
                0x8000b580                __DTOR_END__=.
 *(.rodata)
 .rodata        0x8000b580      0x3a5 S2_NEC_NP_PA600X_Engine.o
 .rodata        0x8000b925      0xc54 library.o
 *(.gcc_except_table)
 *fill*         0x8000c579        0x1
                0x8000c57a                .=ALIGN(0x2)
                0x8000c57a                __INIT_SECTION__=.
                0x8000c57a        0x4 LONG 0x4e560000
 *(.init)
                0x8000c57e        0x2 SHORT 0x4e5e
                0x8000c580        0x2 SHORT 0x4e75
                0x8000c582                __FINI_SECTION__=.
                0x8000c582        0x4 LONG 0x4e560000
 *(.fini)
                0x8000c586        0x2 SHORT 0x4e5e
                0x8000c588        0x2 SHORT 0x4e75
 *(.lit)
 *fill*         0x8000c58a        0x6
                0x8000c590                .=ALIGN(0x10)
                0x8000c590                _etext=.
                0x8000c590                etext=.

.data           0x8000c590        0x0
                0x8000c590                copy_start=.
 *(.shdata)
 *(.data)
 *(.gnu.linkonce.d.*)
                0x8000c590                .=ALIGN(0x10)
                0x8000c590                _edata=.
                0x8000c590                copy_end=.

.got
 *(.got.plt)
 *(.got)

EntryList       0x8000c590      0x110
 *(EntryList)
 EntryList      0x8000c590      0x110 S2_NEC_NP_PA600X_Engine.o
                0x8000c590                S2_NEC_NP_PA600X_Engine_Entry
                0x8000c6a0                .=ALIGN(0x4)

FunctionList    0x8000c6a0        0x4
 *(FunctionList)
 FunctionList   0x8000c6a0        0x4 globals.o
                0x8000c6a0                g_pFunctions
                0x8000c6a4                .=ALIGN(0x4)

.bss            0x8000c6a4        0x0
                0x8000c6a4                .=ALIGN(0x4)
                0x8000c6a4                __bss_start=.
 *(.shbss)
 *(.bss)
 *(COMMON)
                0x8000c6a8                _end=ALIGN(0x8)
                0x8000c6a8                __end=_end

.stab
 *(.stab)

.stabstr
 *(.stabstr)

.debug
 *(.debug)

.line
 *(.line)

.debug_srcinfo
 *(.debug_srcinfo)

.debug_sfnames
 *(.debug_sfnames)

.debug_aranges
 *(.debug_aranges)

.debug_pubnames
 *(.debug_pubnames)

.debug_info
 *(.debug_info)

.debug_abbrev
 *(.debug_abbrev)

.debug_line
 *(.debug_line)

.debug_frame
 *(.debug_frame)

.debug_str
 *(.debug_str)

.debug_loc
 *(.debug_loc)

.debug_macinfo
 *(.debug_macinfo)

.debug_weaknames
 *(.debug_weaknames)

.debug_funcnames
 *(.debug_funcnames)

.debug_typenames
 *(.debug_typenames)

.debug_varnames
 *(.debug_varnames)
LOAD S2_NEC_NP_PA600X_Engine.o
LOAD globals.o
LOAD library.o
OUTPUT(_S2_V8_RC1_CP2E_11_21_22_1100.spl elf32-m68k)

.comment        0x8000c6a4       0x72
 .comment       0x8000c6a4       0x26 S2_NEC_NP_PA600X_Engine.o
 .comment       0x8000c6ca       0x26 globals.o
 .comment       0x8000c6f0       0x26 library.o
